                        ; --------------------------------------
                        ; zasm: assemble "test.asm"
                        ; date: 2018-10-22 20:07:56
                        ; --------------------------------------


                        ;***************************************************************************
                        ;  PROGRAM:			RAM STACK TEST PROGRAM       
                        ;  PURPOSE:			Key typed on PC will display. Demo CALL & RET. Init SP   
                        ;  ASSEMBLER:		TASM 3.2        
                        ;  LICENCE:			The MIT Licence
                        ;  AUTHOR :			MCook
                        ;  CREATE DATE :	04 Apr 15
                        ;***************************************************************************
                        
                        ;ROM : 0000H - > 07FFH
                        ;RAM : 8000H - > FFFFH 
                        
FFFF:                   RAMTOP:      .EQU    0FFFFH			; TOP ADDRESS OF RAM
                        
0000:                   .ORG 00H
                        			
0000:                   MAIN:
0000: 31FFFF   [10]     			LD		SP,RAMTOP
0003: 3E00     [17]     			LD 		A,00H	
0005: CD0B00   [34]     			CALL	INIT_UART
0008: C30000   [44]     			JP		MAIN
                        			
000B:                   INIT_UART:
000B: 3EAA     [ 7]     			LD A,0AAH
000D: E5       [18]     			PUSH HL
000E: C5       [29]     			PUSH BC
000F: 5F       [33]     			LD E,A
0010: 77       [40]     			LD (HL),A
0011: 0B       [46]     			DEC BC
0012: 78       [50]     			LD A,B
0013: B1       [54]     			OR C
0014: 7B       [58]     			LD A,E
0015: 54       [62]     			LD D,H
0016: 55       [66]     			LD D,L
0017: 13       [72]     			INC DE
0018: EDB0     [88|21]  			LDIR
001A: C9       [98]     			RET
                        			
                        ;***************************************************************************
                        ;GET_CHAR_UART
                        ;Function: Get current character from UART place in Accumulator
                        ;***************************************************************************


; +++ segments +++

#CODE          = $0000 =     0,  size = $001B =    27

; +++ global symbols +++

INIT_UART = $000B =    11          test.asm:23
MAIN      = $0000 =     0          test.asm:17
RAMTOP    = $FFFF = 65535          test.asm:13
_end      = $001B =    27          test.asm:14 (unused)
_size     = $001B =    27          test.asm:14 (unused)


total time: 0.0010 sec.
no errors
